-b, Wed Mar 22 18:11:36 PDT 2017
-b, Wed Mar 22 18:35:36 PDT 2017
-b, Wed Mar 22 18:36:05 PDT 2017
-b, Wed Mar 22 18:39:36 PDT 2017
-b, Wed Mar 22 18:40:09 PDT 2017
-b, Wed Mar 22 18:40:26 PDT 2017
-b, Wed Mar 22 18:40:55 PDT 2017
-b, Wed Mar 22 18:41:25 PDT 2017
-b, Wed Mar 22 18:41:41 PDT 2017
-b, Wed Mar 22 18:41:55 PDT 2017
-b, Wed Mar 22 19:05:39 PDT 2017
-b, Wed Mar 22 19:05:54 PDT 2017
-b, Wed Mar 22 19:06:13 PDT 2017
-b, Wed Mar 22 19:06:35 PDT 2017
-b, Wed Mar 22 19:06:51 PDT 2017
-b, Wed Mar 22 19:07:04 PDT 2017
-b, Wed Mar 22 19:07:19 PDT 2017
-b, Wed Mar 22 19:08:22 PDT 2017
-b, Wed Mar 22 19:10:29 PDT 2017
-s, Wed Mar 22 19:10:41 PDT 2017
-f, Wed Mar 22 19:10:45 PDT 2017
-b, Wed Mar 22 19:11:06 PDT 2017
-b, Wed Mar 22 19:11:23 PDT 2017
-f, Wed Mar 22 19:11:32 PDT 2017
-b, Wed Mar 22 19:12:12 PDT 2017
-f, Wed Mar 22 19:12:36 PDT 2017
-s, Wed Mar 22 19:12:41 PDT 2017
-b, Wed Mar 22 19:12:46 PDT 2017
-b, Wed Mar 22 19:13:13 PDT 2017
-b, Wed Mar 22 19:15:58 PDT 2017
-b, Wed Mar 22 19:16:42 PDT 2017
-b, Wed Mar 22 19:17:36 PDT 2017
-b, Wed Mar 22 19:20:04 PDT 2017
-b, Wed Mar 22 19:21:15 PDT 2017
-b, Wed Mar 22 19:22:28 PDT 2017
-b, Wed Mar 22 19:23:22 PDT 2017
-s, Wed Mar 22 19:24:05 PDT 2017
-s, Wed Mar 22 19:24:38 PDT 2017
-s, Wed Mar 22 19:25:02 PDT 2017
-s, Wed Mar 22 19:25:54 PDT 2017
-f, Wed Mar 22 19:27:23 PDT 2017
-f, Wed Mar 22 19:27:57 PDT 2017
-s, Wed Mar 22 19:28:32 PDT 2017
-s, Wed Mar 22 19:28:41 PDT 2017
-s, Wed Mar 22 19:28:55 PDT 2017
-f, Wed Mar 22 19:29:49 PDT 2017
-s, Wed Mar 22 19:32:07 PDT 2017
-s, Wed Mar 22 19:33:32 PDT 2017
-s, Wed Mar 22 19:34:52 PDT 2017
-s, Wed Mar 22 19:35:32 PDT 2017
-s, Wed Mar 22 19:36:04 PDT 2017
-s, Wed Mar 22 19:36:58 PDT 2017
-s, Wed Mar 22 19:38:21 PDT 2017
-f, Wed Mar 22 19:39:24 PDT 2017
-f, Wed Mar 22 19:42:14 PDT 2017
-f, Wed Mar 22 19:42:34 PDT 2017
-f, Wed Mar 22 19:43:03 PDT 2017
-f, Wed Mar 22 19:43:09 PDT 2017
-s, Wed Mar 22 19:43:19 PDT 2017
-s, Wed Mar 22 19:43:30 PDT 2017
-s, Wed Mar 22 19:44:53 PDT 2017
-s, Wed Mar 22 19:46:05 PDT 2017
-s, Wed Mar 22 19:46:59 PDT 2017
-s, Wed Mar 22 19:48:20 PDT 2017
-s, Wed Mar 22 19:50:04 PDT 2017
-s, Wed Mar 22 19:53:32 PDT 2017
-s, Wed Mar 22 19:54:57 PDT 2017
-s, Wed Mar 22 19:55:51 PDT 2017
-s, Thu Mar 23 12:55:10 PDT 2017
-s, Thu Mar 23 12:55:25 PDT 2017
-b, Thu Mar 23 12:56:06 PDT 2017
-s, Thu Mar 23 13:00:28 PDT 2017
-s, Thu Mar 23 13:00:54 PDT 2017
-b, Thu Mar 23 13:01:03 PDT 2017
-b, Thu Mar 23 13:02:45 PDT 2017
-b, Thu Mar 23 13:03:41 PDT 2017
-b, Thu Mar 23 13:04:48 PDT 2017
-b, Thu Mar 23 13:05:04 PDT 2017
-b, Thu Mar 23 13:09:59 PDT 2017
-b, Thu Mar 23 13:10:27 PDT 2017
-b, Thu Mar 23 13:10:52 PDT 2017
-s, Fri Mar 24 16:38:14 PDT 2017
-s, Fri Mar 24 16:39:00 PDT 2017
-s, Fri Mar 24 16:40:10 PDT 2017
-f, Fri Mar 24 16:41:51 PDT 2017
-s, Fri Mar 24 16:42:46 PDT 2017
-s, Fri Mar 24 16:44:57 PDT 2017
-s, Fri Mar 24 16:47:07 PDT 2017
-f, Fri Mar 24 18:08:24 PDT 2017
-f, Fri Mar 24 18:09:06 PDT 2017
-f, Fri Mar 24 18:11:59 PDT 2017
-f, Fri Mar 24 18:12:46 PDT 2017
-f, Fri Mar 24 18:13:35 PDT 2017
-f, Fri Mar 24 18:14:24 PDT 2017
-f, Fri Mar 24 18:14:45 PDT 2017
-s, Fri Mar 24 18:14:55 PDT 2017
-s, Fri Mar 24 18:15:07 PDT 2017
-s, Fri Mar 24 18:16:17 PDT 2017
-s, Fri Mar 24 18:16:46 PDT 2017
-s, Mon Mar 27 13:28:16 PDT 2017
-s, Wed Apr  5 18:16:35 PDT 2017
-s, Wed Apr  5 18:17:39 PDT 2017
-s, Wed Apr  5 18:23:16 PDT 2017
-s, Wed Apr  5 18:24:25 PDT 2017
-s, Wed Apr  5 18:24:42 PDT 2017
-s, Wed Apr  5 18:25:42 PDT 2017
-s, Wed Apr  5 18:26:47 PDT 2017
-s, Wed Apr  5 18:28:00 PDT 2017
-s, Wed Apr  5 18:30:30 PDT 2017
-s, Wed Apr  5 18:30:58 PDT 2017
-s, Wed Apr  5 18:31:30 PDT 2017
-s, Wed Apr  5 18:36:12 PDT 2017
-s, Wed Apr  5 18:36:22 PDT 2017
-s, Wed Apr  5 18:36:44 PDT 2017
-s, Wed Apr  5 18:37:43 PDT 2017
-s, Wed Apr  5 18:38:19 PDT 2017
-s, Thu Apr  6 14:30:04 PDT 2017
-s, Thu Apr  6 14:30:58 PDT 2017
-s, Thu Apr  6 14:32:52 PDT 2017
-s, Thu Apr  6 14:33:52 PDT 2017
-s, Thu Apr  6 15:05:00 PDT 2017
-s, Thu Apr  6 15:05:58 PDT 2017
-s, Thu Apr  6 15:07:00 PDT 2017
-s, Thu Apr  6 15:07:29 PDT 2017
-s, Thu Apr  6 15:08:21 PDT 2017
-s, Thu Apr  6 15:15:26 PDT 2017
-s, Thu Apr  6 15:16:26 PDT 2017
-s, Thu Apr  6 15:16:54 PDT 2017
-s, Thu Apr  6 15:17:39 PDT 2017
-s, Thu Apr  6 15:18:08 PDT 2017
-s, Thu Apr  6 15:18:26 PDT 2017
-s, Thu Apr  6 15:18:52 PDT 2017
-s, Thu Apr  6 15:22:11 PDT 2017
-s, Thu Apr  6 15:24:51 PDT 2017
-s, Thu Apr  6 15:25:01 PDT 2017
-s, Thu Apr  6 15:25:18 PDT 2017
-s, Thu Apr  6 17:12:32 PDT 2017
-s, Thu Apr  6 17:12:54 PDT 2017
-s, Thu Apr  6 17:14:04 PDT 2017
-s, Thu Apr  6 17:15:18 PDT 2017
-s, Thu Apr  6 17:16:12 PDT 2017
-s, Thu Apr  6 17:16:39 PDT 2017
-s, Thu Apr  6 17:17:01 PDT 2017
-s, Thu Apr  6 17:18:43 PDT 2017
-s, Thu Apr  6 17:19:22 PDT 2017
-s, Thu Apr  6 17:20:27 PDT 2017
-s, Thu Apr  6 17:23:11 PDT 2017
-s, Thu Apr  6 17:23:26 PDT 2017
-s, Thu Apr  6 17:24:20 PDT 2017
-s, Thu Apr  6 17:35:47 PDT 2017
-s, Thu Apr  6 17:36:05 PDT 2017
-s, Thu Apr  6 17:36:19 PDT 2017
-s, Thu Apr  6 17:36:39 PDT 2017
-s, Thu Apr  6 17:38:26 PDT 2017
-s, Thu Apr  6 17:38:56 PDT 2017
-s, Thu Apr  6 17:41:53 PDT 2017
-s, Thu Apr  6 17:45:52 PDT 2017
-s, Thu Apr  6 17:50:38 PDT 2017
-s, Thu Apr  6 17:50:57 PDT 2017
-s, Thu Apr  6 17:53:37 PDT 2017
-s, Thu Apr  6 17:59:00 PDT 2017
-s, Thu Apr  6 17:59:32 PDT 2017
-s, Thu Apr  6 18:00:48 PDT 2017
-s, Thu Apr  6 18:01:15 PDT 2017
-s, Thu Apr  6 18:01:28 PDT 2017
-s, Thu Apr  6 18:03:03 PDT 2017
-s, Thu Apr  6 18:04:03 PDT 2017
-s, Thu Apr  6 18:05:27 PDT 2017
-s, Thu Apr  6 18:05:48 PDT 2017
-s, Thu Apr  6 18:06:17 PDT 2017
-s, Thu Apr  6 18:06:57 PDT 2017
-s, Thu Apr  6 18:09:26 PDT 2017
-s, Thu Apr  6 18:10:12 PDT 2017
-s, Thu Apr  6 18:11:07 PDT 2017
-s, Thu Apr  6 18:12:12 PDT 2017
-b, Thu Apr  6 18:13:10 PDT 2017
-b, Thu Apr  6 18:27:52 PDT 2017
-s, Thu Apr  6 18:28:37 PDT 2017
-s, Thu Apr  6 18:29:41 PDT 2017
-s, Thu Apr  6 18:30:01 PDT 2017
-s, Thu Apr  6 18:30:46 PDT 2017
-s, Thu Apr  6 18:31:03 PDT 2017
-s, Thu Apr  6 18:31:48 PDT 2017
-s, Thu Apr  6 18:47:24 PDT 2017
-s, Thu Apr  6 19:03:43 PDT 2017
-s, Thu Apr  6 19:07:30 PDT 2017
-s, Thu Apr  6 19:07:50 PDT 2017
-s, Thu Apr  6 19:08:56 PDT 2017
-s, Thu Apr  6 19:09:26 PDT 2017
-s, Thu Apr  6 19:10:00 PDT 2017
-s, Thu Apr  6 19:10:32 PDT 2017
-s, Thu Apr  6 19:11:54 PDT 2017
-s, Thu Apr  6 19:14:03 PDT 2017
-s, Thu Apr  6 19:14:57 PDT 2017
-s, Thu Apr  6 19:21:19 PDT 2017
-s, Thu Apr  6 19:29:34 PDT 2017
-f, Mon Apr 24 18:46:30 PDT 2017
-f, Mon Apr 24 18:47:45 PDT 2017
-s, Mon Apr 24 18:48:06 PDT 2017
-s, Mon Apr 24 18:49:02 PDT 2017
-s, Mon Apr 24 18:50:04 PDT 2017
-s, Mon Apr 24 18:50:57 PDT 2017
-s, Mon Apr 24 19:29:38 PDT 2017
-s, Mon Apr 24 19:30:07 PDT 2017
-s, Mon Apr 24 19:30:30 PDT 2017
-s, Mon Apr 24 19:30:51 PDT 2017
-s, Mon Apr 24 19:31:45 PDT 2017
-s, Mon Apr 24 19:32:08 PDT 2017
-s, Mon Apr 24 19:32:31 PDT 2017
-s, Mon Apr 24 19:33:13 PDT 2017
-s, Mon Apr 24 19:33:38 PDT 2017
-s, Mon Apr 24 19:47:15 PDT 2017
-s, Mon Apr 24 19:47:54 PDT 2017
-s, Mon Apr 24 19:48:07 PDT 2017
-s, Mon Apr 24 19:48:45 PDT 2017
-s, Mon Apr 24 19:49:09 PDT 2017
-s, Mon Apr 24 19:49:33 PDT 2017
-s, Mon Apr 24 19:49:56 PDT 2017
-s, Mon Apr 24 19:50:19 PDT 2017
-b, Mon Apr 24 19:50:41 PDT 2017
-s, Tue Apr 25 10:49:02 PDT 2017
-s, Tue Apr 25 10:49:28 PDT 2017
-s, Tue Apr 25 10:50:15 PDT 2017
-s, Tue Apr 25 10:52:23 PDT 2017
-s, Tue Apr 25 10:52:37 PDT 2017
-s, Tue Apr 25 10:52:49 PDT 2017
-s, Tue Apr 25 10:53:07 PDT 2017
-s, Tue Apr 25 10:53:19 PDT 2017
-s, Tue Apr 25 10:55:48 PDT 2017
-s, Tue Apr 25 11:48:29 PDT 2017
-s, Tue Apr 25 11:49:01 PDT 2017
-s, Tue Apr 25 11:52:46 PDT 2017
-s, Tue Apr 25 11:56:26 PDT 2017
-s, Tue Apr 25 18:04:07 PDT 2017
-s, Tue Apr 25 18:06:29 PDT 2017
-s, Tue Apr 25 18:06:55 PDT 2017
-s, Tue Apr 25 18:08:29 PDT 2017
-s, Tue Apr 25 18:09:35 PDT 2017
-s, Tue Apr 25 18:10:21 PDT 2017
-s, Tue Apr 25 18:11:20 PDT 2017
-s, Tue Apr 25 18:12:36 PDT 2017
-s, Tue Apr 25 18:13:09 PDT 2017
-s, Fri Apr 28 15:34:45 PDT 2017
-s, Fri Apr 28 15:35:07 PDT 2017
-s, Fri Apr 28 17:46:36 PDT 2017
-s, Fri Apr 28 17:47:17 PDT 2017
